[cache] verified writable caches under /tmp/job.19801651/boed-g.lin-19801651
[run.sh] Default results: experiments/MMDDYYYY/MMDDYYYY_<time>_<objective_parameters>/
[online-design] fixed update=0 validation_utility=3.832011
[online-design] fixed update=100 validation_utility=3.862255
[online-design] fixed update=200 validation_utility=3.886371
[online-design] fixed update=300 validation_utility=3.885685
[online-design] fixed update=400 validation_utility=3.892615
[online-design] fixed update=500 validation_utility=3.897036
[online-design] fixed update=600 validation_utility=3.899966
[online-design] fixed update=700 validation_utility=3.912680
[online-design] fixed update=800 validation_utility=3.923340
[online-design] fixed update=900 validation_utility=3.934350
[online-design] fixed update=1000 validation_utility=3.962894
[online-design] fixed update=1100 validation_utility=3.984917
[online-design] fixed update=1200 validation_utility=4.070147
[online-design] fixed update=1300 validation_utility=4.166694
[online-design] fixed update=1400 validation_utility=4.218948
[online-design] fixed update=1500 validation_utility=4.299789
[online-design] fixed update=1600 validation_utility=4.338585
[online-design] fixed update=1700 validation_utility=4.344348
[online-design] fixed update=1800 validation_utility=4.348744
[online-design] fixed update=1900 validation_utility=4.374377
[online-design] fixed update=2000 validation_utility=4.402672
[online-design] dad update=0 validation_utility=4.402672
[online-design] dad update=100 validation_utility=4.578603
[online-design] dad update=200 validation_utility=4.647071
[online-design] dad update=300 validation_utility=4.656194
[online-design] dad update=400 validation_utility=4.688063
[online-design] dad update=500 validation_utility=4.680197
[online-design] dad update=600 validation_utility=4.665795
[online-design] dad update=700 validation_utility=4.673221
[online-design] dad update=800 validation_utility=4.693723
[online-design] dad update=900 validation_utility=4.628561
[online-design] dad update=1000 validation_utility=4.546052
[online-design] dad update=1100 validation_utility=4.675338
[online-design] dad update=1200 validation_utility=4.695456
[online-design] dad update=1300 validation_utility=4.627705
[online-design] dad update=1400 validation_utility=4.673375
[online-design] dad update=1500 validation_utility=4.655706
[online-design] dad update=1600 validation_utility=4.657951
[online-design] dad update=1700 validation_utility=4.661642
[online-design] dad update=1800 validation_utility=4.648255
[online-design] dad update=1900 validation_utility=4.668582
[online-design] dad update=2000 validation_utility=4.669391
[online-design] rl_sboed update=0 validation_utility=0.083280
[online-design] rl_sboed update=100 validation_utility=4.702694
[online-design] rl_sboed update=200 validation_utility=4.704560
[online-design] rl_sboed update=300 validation_utility=4.698036
[online-design] rl_sboed update=400 validation_utility=4.692102
[online-design] rl_sboed update=500 validation_utility=4.694439
[online-design] rl_sboed update=600 validation_utility=4.738086
[online-design] rl_sboed update=700 validation_utility=4.772594
[online-design] rl_sboed update=800 validation_utility=4.745985
[online-design] rl_sboed update=900 validation_utility=4.802562
[online-design] rl_sboed update=1000 validation_utility=4.802800
[online-design] rl_sboed update=1100 validation_utility=4.780707
[online-design] rl_sboed update=1200 validation_utility=4.759254
[online-design] rl_sboed update=1300 validation_utility=4.721393
[online-design] rl_sboed update=1400 validation_utility=4.649301
[online-design] rl_sboed update=1500 validation_utility=4.691130
[online-design] rl_sboed update=1600 validation_utility=4.708385
[online-design] rl_sboed update=1700 validation_utility=4.649424
[online-design] rl_sboed update=1800 validation_utility=4.565080
[online-design] rl_sboed update=1900 validation_utility=4.625772
[online-design] rl_sboed update=2000 validation_utility=4.558537
[online-design] evaluated dad: 105.6s
[online-design] evaluated rl_sboed: 105.3s
[online-design] evaluated step_dad: 4838.8s
[online-design] evaluated myopic: 5224.5s
[online-design] evaluated fixed: 106.1s
[online-design] evaluated random: 109.0s
[online-design] evaluated dad: 104.0s
[online-design] evaluated rl_sboed: 105.8s
[online-design] evaluated step_dad: 4831.5s
[online-design] evaluated myopic: 5224.9s
[online-design] evaluated fixed: 105.5s
[online-design] evaluated random: 109.6s
[online-design] evaluated dad: 104.2s
[online-design] evaluated rl_sboed: 106.5s
[online-design] evaluated step_dad: 4827.9s
[online-design] evaluated myopic: 5228.4s
[online-design] evaluated fixed: 104.2s
[online-design] evaluated random: 110.5s
CONTINUOUS_EIG_COMPLETE /scratch/user/g.lin/Documents/objective_power_grid/experiments/09212026/09212026_ieee14_eig_conference_step4/T3/train101
