[cache] verified writable caches under /tmp/job.19801652/boed-g.lin-19801652
[run.sh] Default results: experiments/MMDDYYYY/MMDDYYYY_<time>_<objective_parameters>/
[online-design] fixed update=0 validation_utility=4.001679
[online-design] fixed update=100 validation_utility=4.022463
[online-design] fixed update=200 validation_utility=4.035062
[online-design] fixed update=300 validation_utility=4.062876
[online-design] fixed update=400 validation_utility=4.124780
[online-design] fixed update=500 validation_utility=4.152444
[online-design] fixed update=600 validation_utility=4.163693
[online-design] fixed update=700 validation_utility=4.141037
[online-design] fixed update=800 validation_utility=4.166989
[online-design] fixed update=900 validation_utility=4.198045
[online-design] fixed update=1000 validation_utility=4.235643
[online-design] fixed update=1100 validation_utility=4.243675
[online-design] fixed update=1200 validation_utility=4.257364
[online-design] fixed update=1300 validation_utility=4.251352
[online-design] fixed update=1400 validation_utility=4.273696
[online-design] fixed update=1500 validation_utility=4.272895
[online-design] fixed update=1600 validation_utility=4.258286
[online-design] fixed update=1700 validation_utility=4.230697
[online-design] fixed update=1800 validation_utility=4.234535
[online-design] fixed update=1900 validation_utility=4.253348
[online-design] fixed update=2000 validation_utility=4.284799
[online-design] dad update=0 validation_utility=4.284799
[online-design] dad update=100 validation_utility=4.692039
[online-design] dad update=200 validation_utility=4.671808
[online-design] dad update=300 validation_utility=4.622473
[online-design] dad update=400 validation_utility=4.723140
[online-design] dad update=500 validation_utility=4.758803
[online-design] dad update=600 validation_utility=4.757415
[online-design] dad update=700 validation_utility=4.745966
[online-design] dad update=800 validation_utility=4.814901
[online-design] dad update=900 validation_utility=4.757906
[online-design] dad update=1000 validation_utility=4.750617
[online-design] dad update=1100 validation_utility=4.762023
[online-design] dad update=1200 validation_utility=4.750532
[online-design] dad update=1300 validation_utility=4.750024
[online-design] dad update=1400 validation_utility=4.745227
[online-design] dad update=1500 validation_utility=4.777901
[online-design] dad update=1600 validation_utility=4.783364
[online-design] dad update=1700 validation_utility=4.794641
[online-design] dad update=1800 validation_utility=4.786521
[online-design] dad update=1900 validation_utility=4.804687
[online-design] dad update=2000 validation_utility=4.782776
[online-design] rl_sboed update=0 validation_utility=0.110134
[online-design] rl_sboed update=100 validation_utility=4.793153
[online-design] rl_sboed update=200 validation_utility=4.804088
[online-design] rl_sboed update=300 validation_utility=4.711701
[online-design] rl_sboed update=400 validation_utility=4.759381
[online-design] rl_sboed update=500 validation_utility=4.755759
[online-design] rl_sboed update=600 validation_utility=4.812799
[online-design] rl_sboed update=700 validation_utility=4.748001
[online-design] rl_sboed update=800 validation_utility=4.791610
[online-design] rl_sboed update=900 validation_utility=4.762997
[online-design] rl_sboed update=1000 validation_utility=4.799103
[online-design] rl_sboed update=1100 validation_utility=4.746394
[online-design] rl_sboed update=1200 validation_utility=4.722467
[online-design] rl_sboed update=1300 validation_utility=4.745226
[online-design] rl_sboed update=1400 validation_utility=4.694514
[online-design] rl_sboed update=1500 validation_utility=4.648036
[online-design] rl_sboed update=1600 validation_utility=4.680382
[online-design] rl_sboed update=1700 validation_utility=4.686546
[online-design] rl_sboed update=1800 validation_utility=4.723032
[online-design] rl_sboed update=1900 validation_utility=4.663965
[online-design] rl_sboed update=2000 validation_utility=4.666139
[online-design] evaluated dad: 104.1s
[online-design] evaluated rl_sboed: 105.2s
[online-design] evaluated step_dad: 4789.5s
[online-design] evaluated fixed: 108.7s
[online-design] evaluated dad: 104.1s
[online-design] evaluated rl_sboed: 104.6s
[online-design] evaluated step_dad: 4793.8s
[online-design] evaluated fixed: 104.5s
[online-design] evaluated dad: 103.6s
[online-design] evaluated rl_sboed: 104.4s
[online-design] evaluated step_dad: 4782.8s
[online-design] evaluated fixed: 104.9s
CONTINUOUS_EIG_COMPLETE /scratch/user/g.lin/Documents/objective_power_grid/experiments/09212026/09212026_ieee14_eig_conference_step4/T3/train202
