[cache] verified writable caches under /tmp/job.19801653/boed-g.lin-19801653
[run.sh] Default results: experiments/MMDDYYYY/MMDDYYYY_<time>_<objective_parameters>/
[online-design] fixed update=0 validation_utility=3.884907
[online-design] fixed update=100 validation_utility=3.915452
[online-design] fixed update=200 validation_utility=3.935418
[online-design] fixed update=300 validation_utility=3.934619
[online-design] fixed update=400 validation_utility=3.932686
[online-design] fixed update=500 validation_utility=3.963339
[online-design] fixed update=600 validation_utility=4.004440
[online-design] fixed update=700 validation_utility=4.060084
[online-design] fixed update=800 validation_utility=4.092791
[online-design] fixed update=900 validation_utility=4.112102
[online-design] fixed update=1000 validation_utility=4.119520
[online-design] fixed update=1100 validation_utility=4.131853
[online-design] fixed update=1200 validation_utility=4.132148
[online-design] fixed update=1300 validation_utility=4.147413
[online-design] fixed update=1400 validation_utility=4.163231
[online-design] fixed update=1500 validation_utility=4.168845
[online-design] fixed update=1600 validation_utility=4.171590
[online-design] fixed update=1700 validation_utility=4.203632
[online-design] fixed update=1800 validation_utility=4.229421
[online-design] fixed update=1900 validation_utility=4.227203
[online-design] fixed update=2000 validation_utility=4.180361
[online-design] dad update=0 validation_utility=4.229421
[online-design] dad update=100 validation_utility=4.545768
[online-design] dad update=200 validation_utility=4.637210
[online-design] dad update=300 validation_utility=4.677670
[online-design] dad update=400 validation_utility=4.763872
[online-design] dad update=500 validation_utility=4.776909
[online-design] dad update=600 validation_utility=4.785571
[online-design] dad update=700 validation_utility=4.781549
[online-design] dad update=800 validation_utility=4.785222
[online-design] dad update=900 validation_utility=4.777909
[online-design] dad update=1000 validation_utility=4.748740
[online-design] dad update=1100 validation_utility=4.708302
[online-design] dad update=1200 validation_utility=4.702994
[online-design] dad update=1300 validation_utility=4.558676
[online-design] dad update=1400 validation_utility=4.758377
[online-design] dad update=1500 validation_utility=4.782053
[online-design] dad update=1600 validation_utility=4.697906
[online-design] dad update=1700 validation_utility=4.686615
[online-design] dad update=1800 validation_utility=4.721506
[online-design] dad update=1900 validation_utility=4.685761
[online-design] dad update=2000 validation_utility=4.738433
[online-design] rl_sboed update=0 validation_utility=0.123432
[online-design] rl_sboed update=100 validation_utility=4.720755
[online-design] rl_sboed update=200 validation_utility=4.679264
[online-design] rl_sboed update=300 validation_utility=4.672463
[online-design] rl_sboed update=400 validation_utility=4.713447
[online-design] rl_sboed update=500 validation_utility=4.729694
[online-design] rl_sboed update=600 validation_utility=4.731833
[online-design] rl_sboed update=700 validation_utility=4.714534
[online-design] rl_sboed update=800 validation_utility=4.749899
[online-design] rl_sboed update=900 validation_utility=4.742034
[online-design] rl_sboed update=1000 validation_utility=4.726786
[online-design] rl_sboed update=1100 validation_utility=4.758473
[online-design] rl_sboed update=1200 validation_utility=4.731680
[online-design] rl_sboed update=1300 validation_utility=4.687610
[online-design] rl_sboed update=1400 validation_utility=4.721562
[online-design] rl_sboed update=1500 validation_utility=4.739162
[online-design] rl_sboed update=1600 validation_utility=4.678955
[online-design] rl_sboed update=1700 validation_utility=4.680278
[online-design] rl_sboed update=1800 validation_utility=4.691360
[online-design] rl_sboed update=1900 validation_utility=4.658046
[online-design] rl_sboed update=2000 validation_utility=4.718902
[online-design] evaluated dad: 105.0s
[online-design] evaluated rl_sboed: 105.0s
[online-design] evaluated step_dad: 4689.7s
[online-design] evaluated fixed: 104.4s
[online-design] evaluated dad: 106.1s
[online-design] evaluated rl_sboed: 107.4s
[online-design] evaluated step_dad: 4690.0s
[online-design] evaluated fixed: 104.8s
[online-design] evaluated dad: 103.2s
[online-design] evaluated rl_sboed: 105.3s
[online-design] evaluated step_dad: 4684.9s
[online-design] evaluated fixed: 104.3s
CONTINUOUS_EIG_COMPLETE /scratch/user/g.lin/Documents/objective_power_grid/experiments/09212026/09212026_ieee14_eig_conference_step4/T3/train303
