[cache] verified writable caches under /tmp/job.19801655/boed-g.lin-19801655
[run.sh] Default results: experiments/MMDDYYYY/MMDDYYYY_<time>_<objective_parameters>/
[online-design] fixed update=0 validation_utility=4.357153
[online-design] fixed update=100 validation_utility=4.355370
[online-design] fixed update=200 validation_utility=4.348871
[online-design] fixed update=300 validation_utility=4.337626
[online-design] fixed update=400 validation_utility=4.334998
[online-design] fixed update=500 validation_utility=4.345908
[online-design] fixed update=600 validation_utility=4.366239
[online-design] fixed update=700 validation_utility=4.364592
[online-design] fixed update=800 validation_utility=4.359690
[online-design] fixed update=900 validation_utility=4.359050
[online-design] fixed update=1000 validation_utility=4.354283
[online-design] fixed update=1100 validation_utility=4.357294
[online-design] fixed update=1200 validation_utility=4.367182
[online-design] fixed update=1300 validation_utility=4.383142
[online-design] fixed update=1400 validation_utility=4.386128
[online-design] fixed update=1500 validation_utility=4.414339
[online-design] fixed update=1600 validation_utility=4.439746
[online-design] fixed update=1700 validation_utility=4.463161
[online-design] fixed update=1800 validation_utility=4.506497
[online-design] fixed update=1900 validation_utility=4.514046
[online-design] fixed update=2000 validation_utility=4.499847
[online-design] dad update=0 validation_utility=4.514046
[online-design] dad update=100 validation_utility=4.732396
[online-design] dad update=200 validation_utility=4.834321
[online-design] dad update=300 validation_utility=4.851716
[online-design] dad update=400 validation_utility=4.848136
[online-design] dad update=500 validation_utility=4.785715
[online-design] dad update=600 validation_utility=4.806486
[online-design] dad update=700 validation_utility=4.846083
[online-design] dad update=800 validation_utility=4.780916
[online-design] dad update=900 validation_utility=4.810010
[online-design] dad update=1000 validation_utility=4.832012
[online-design] dad update=1100 validation_utility=4.785906
[online-design] dad update=1200 validation_utility=4.844979
[online-design] dad update=1300 validation_utility=4.789438
[online-design] dad update=1400 validation_utility=4.807549
[online-design] dad update=1500 validation_utility=4.756248
[online-design] dad update=1600 validation_utility=4.831833
[online-design] dad update=1700 validation_utility=4.833398
[online-design] dad update=1800 validation_utility=4.833689
[online-design] dad update=1900 validation_utility=4.839512
[online-design] dad update=2000 validation_utility=4.797805
[online-design] rl_sboed update=0 validation_utility=0.117222
[online-design] rl_sboed update=100 validation_utility=4.810037
[online-design] rl_sboed update=200 validation_utility=4.840692
[online-design] rl_sboed update=300 validation_utility=4.843400
[online-design] rl_sboed update=400 validation_utility=4.850530
[online-design] rl_sboed update=500 validation_utility=4.761765
[online-design] rl_sboed update=600 validation_utility=4.803337
[online-design] rl_sboed update=700 validation_utility=4.765314
[online-design] rl_sboed update=800 validation_utility=4.768520
[online-design] rl_sboed update=900 validation_utility=4.831307
[online-design] rl_sboed update=1000 validation_utility=4.782072
[online-design] rl_sboed update=1100 validation_utility=4.817628
[online-design] rl_sboed update=1200 validation_utility=4.820810
[online-design] rl_sboed update=1300 validation_utility=4.845982
[online-design] rl_sboed update=1400 validation_utility=4.840896
[online-design] rl_sboed update=1500 validation_utility=4.823135
[online-design] rl_sboed update=1600 validation_utility=4.792383
[online-design] rl_sboed update=1700 validation_utility=4.793123
[online-design] rl_sboed update=1800 validation_utility=4.814470
[online-design] rl_sboed update=1900 validation_utility=4.800098
[online-design] rl_sboed update=2000 validation_utility=4.796769
[online-design] evaluated dad: 140.0s
[online-design] evaluated rl_sboed: 138.1s
[online-design] evaluated step_dad: 12003.2s
[online-design] evaluated fixed: 140.5s
[online-design] evaluated dad: 137.5s
[online-design] evaluated rl_sboed: 137.6s
[online-design] evaluated step_dad: 12009.6s
[online-design] evaluated fixed: 138.2s
[online-design] evaluated dad: 136.8s
[online-design] evaluated rl_sboed: 137.8s
[online-design] evaluated step_dad: 12021.4s
[online-design] evaluated fixed: 140.2s
CONTINUOUS_EIG_COMPLETE /scratch/user/g.lin/Documents/objective_power_grid/experiments/09212026/09212026_ieee14_eig_conference_step4/T4/train202
