[cache] verified writable caches under /tmp/job.19801654/boed-g.lin-19801654
[run.sh] Default results: experiments/MMDDYYYY/MMDDYYYY_<time>_<objective_parameters>/
[online-design] fixed update=0 validation_utility=4.171654
[online-design] fixed update=100 validation_utility=4.169478
[online-design] fixed update=200 validation_utility=4.174114
[online-design] fixed update=300 validation_utility=4.185333
[online-design] fixed update=400 validation_utility=4.214012
[online-design] fixed update=500 validation_utility=4.232816
[online-design] fixed update=600 validation_utility=4.265523
[online-design] fixed update=700 validation_utility=4.272617
[online-design] fixed update=800 validation_utility=4.286413
[online-design] fixed update=900 validation_utility=4.296611
[online-design] fixed update=1000 validation_utility=4.314455
[online-design] fixed update=1100 validation_utility=4.347135
[online-design] fixed update=1200 validation_utility=4.368958
[online-design] fixed update=1300 validation_utility=4.410686
[online-design] fixed update=1400 validation_utility=4.424222
[online-design] fixed update=1500 validation_utility=4.448231
[online-design] fixed update=1600 validation_utility=4.445648
[online-design] fixed update=1700 validation_utility=4.469041
[online-design] fixed update=1800 validation_utility=4.483546
[online-design] fixed update=1900 validation_utility=4.464028
[online-design] fixed update=2000 validation_utility=4.453261
[online-design] dad update=0 validation_utility=4.483546
[online-design] dad update=100 validation_utility=4.549837
[online-design] dad update=200 validation_utility=4.690258
[online-design] dad update=300 validation_utility=4.670663
[online-design] dad update=400 validation_utility=4.760524
[online-design] dad update=500 validation_utility=4.796031
[online-design] dad update=600 validation_utility=4.828574
[online-design] dad update=700 validation_utility=4.819675
[online-design] dad update=800 validation_utility=4.826515
[online-design] dad update=900 validation_utility=4.847074
[online-design] dad update=1000 validation_utility=4.850475
[online-design] dad update=1100 validation_utility=4.835914
[online-design] dad update=1200 validation_utility=4.820853
[online-design] dad update=1300 validation_utility=4.830508
[online-design] dad update=1400 validation_utility=4.818234
[online-design] dad update=1500 validation_utility=4.809286
[online-design] dad update=1600 validation_utility=4.814571
[online-design] dad update=1700 validation_utility=4.805958
[online-design] dad update=1800 validation_utility=4.825775
[online-design] dad update=1900 validation_utility=4.850374
[online-design] dad update=2000 validation_utility=4.816713
[online-design] rl_sboed update=0 validation_utility=0.181055
[online-design] rl_sboed update=100 validation_utility=4.813973
[online-design] rl_sboed update=200 validation_utility=4.791364
[online-design] rl_sboed update=300 validation_utility=4.790322
[online-design] rl_sboed update=400 validation_utility=4.805492
[online-design] rl_sboed update=500 validation_utility=4.821658
[online-design] rl_sboed update=600 validation_utility=4.830503
[online-design] rl_sboed update=700 validation_utility=4.846892
[online-design] rl_sboed update=800 validation_utility=4.840740
[online-design] rl_sboed update=900 validation_utility=4.848961
[online-design] rl_sboed update=1000 validation_utility=4.851388
[online-design] rl_sboed update=1100 validation_utility=4.848113
[online-design] rl_sboed update=1200 validation_utility=4.803822
[online-design] rl_sboed update=1300 validation_utility=4.830665
[online-design] rl_sboed update=1400 validation_utility=4.814370
[online-design] rl_sboed update=1500 validation_utility=4.767728
[online-design] rl_sboed update=1600 validation_utility=4.793365
[online-design] rl_sboed update=1700 validation_utility=4.746455
[online-design] rl_sboed update=1800 validation_utility=4.703535
[online-design] rl_sboed update=1900 validation_utility=4.698110
[online-design] rl_sboed update=2000 validation_utility=4.660742
[online-design] evaluated dad: 138.4s
[online-design] evaluated rl_sboed: 141.9s
[online-design] evaluated step_dad: 12076.8s
[online-design] evaluated myopic: 7021.7s
[online-design] evaluated fixed: 141.9s
[online-design] evaluated random: 147.8s
[online-design] evaluated dad: 138.6s
[online-design] evaluated rl_sboed: 146.3s
[online-design] evaluated step_dad: 12118.7s
[online-design] evaluated myopic: 7032.9s
[online-design] evaluated fixed: 140.6s
[online-design] evaluated random: 148.3s
[online-design] evaluated dad: 140.1s
[online-design] evaluated rl_sboed: 146.2s
[online-design] evaluated step_dad: 12101.2s
[online-design] evaluated myopic: 7018.6s
[online-design] evaluated fixed: 138.8s
[online-design] evaluated random: 147.0s
CONTINUOUS_EIG_COMPLETE /scratch/user/g.lin/Documents/objective_power_grid/experiments/09212026/09212026_ieee14_eig_conference_step4/T4/train101
