[cache] verified writable caches under /tmp/job.19801656/boed-g.lin-19801656
[run.sh] Default results: experiments/MMDDYYYY/MMDDYYYY_<time>_<objective_parameters>/
[online-design] fixed update=0 validation_utility=4.170785
[online-design] fixed update=100 validation_utility=4.184685
[online-design] fixed update=200 validation_utility=4.215862
[online-design] fixed update=300 validation_utility=4.237010
[online-design] fixed update=400 validation_utility=4.235168
[online-design] fixed update=500 validation_utility=4.233835
[online-design] fixed update=600 validation_utility=4.233766
[online-design] fixed update=700 validation_utility=4.273213
[online-design] fixed update=800 validation_utility=4.297216
[online-design] fixed update=900 validation_utility=4.332847
[online-design] fixed update=1000 validation_utility=4.360520
[online-design] fixed update=1100 validation_utility=4.397022
[online-design] fixed update=1200 validation_utility=4.419738
[online-design] fixed update=1300 validation_utility=4.440673
[online-design] fixed update=1400 validation_utility=4.440494
[online-design] fixed update=1500 validation_utility=4.406364
[online-design] fixed update=1600 validation_utility=4.448353
[online-design] fixed update=1700 validation_utility=4.473061
[online-design] fixed update=1800 validation_utility=4.486126
[online-design] fixed update=1900 validation_utility=4.550164
[online-design] fixed update=2000 validation_utility=4.592797
[online-design] dad update=0 validation_utility=4.592797
[online-design] dad update=100 validation_utility=4.695504
[online-design] dad update=200 validation_utility=4.716603
[online-design] dad update=300 validation_utility=4.778059
[online-design] dad update=400 validation_utility=4.808872
[online-design] dad update=500 validation_utility=4.804179
[online-design] dad update=600 validation_utility=4.854829
[online-design] dad update=700 validation_utility=4.821494
[online-design] dad update=800 validation_utility=4.832974
[online-design] dad update=900 validation_utility=4.815670
[online-design] dad update=1000 validation_utility=4.842350
[online-design] dad update=1100 validation_utility=4.833199
[online-design] dad update=1200 validation_utility=4.810988
[online-design] dad update=1300 validation_utility=4.826095
[online-design] dad update=1400 validation_utility=4.842047
[online-design] dad update=1500 validation_utility=4.830678
[online-design] dad update=1600 validation_utility=4.845383
[online-design] dad update=1700 validation_utility=4.824202
[online-design] dad update=1800 validation_utility=4.783084
[online-design] dad update=1900 validation_utility=4.810573
[online-design] dad update=2000 validation_utility=4.792333
[online-design] rl_sboed update=0 validation_utility=0.169435
[online-design] rl_sboed update=100 validation_utility=4.834571
[online-design] rl_sboed update=200 validation_utility=4.832317
[online-design] rl_sboed update=300 validation_utility=4.808607
[online-design] rl_sboed update=400 validation_utility=4.823318
[online-design] rl_sboed update=500 validation_utility=4.811619
[online-design] rl_sboed update=600 validation_utility=4.808756
[online-design] rl_sboed update=700 validation_utility=4.800912
[online-design] rl_sboed update=800 validation_utility=4.808243
[online-design] rl_sboed update=900 validation_utility=4.787041
[online-design] rl_sboed update=1000 validation_utility=4.817023
[online-design] rl_sboed update=1100 validation_utility=4.808278
[online-design] rl_sboed update=1200 validation_utility=4.819430
[online-design] rl_sboed update=1300 validation_utility=4.806709
[online-design] rl_sboed update=1400 validation_utility=4.825788
[online-design] rl_sboed update=1500 validation_utility=4.816443
[online-design] rl_sboed update=1600 validation_utility=4.799836
[online-design] rl_sboed update=1700 validation_utility=4.823431
[online-design] rl_sboed update=1800 validation_utility=4.815860
[online-design] rl_sboed update=1900 validation_utility=4.825184
[online-design] rl_sboed update=2000 validation_utility=4.821921
[online-design] evaluated dad: 140.6s
[online-design] evaluated rl_sboed: 138.0s
[online-design] evaluated step_dad: 11991.9s
[online-design] evaluated fixed: 140.3s
[online-design] evaluated dad: 137.8s
[online-design] evaluated rl_sboed: 137.7s
[online-design] evaluated step_dad: 12022.8s
[online-design] evaluated fixed: 138.1s
[online-design] evaluated dad: 139.0s
[online-design] evaluated rl_sboed: 136.7s
[online-design] evaluated step_dad: 12011.2s
[online-design] evaluated fixed: 140.6s
CONTINUOUS_EIG_COMPLETE /scratch/user/g.lin/Documents/objective_power_grid/experiments/09212026/09212026_ieee14_eig_conference_step4/T4/train303
