[cache] verified writable caches under /tmp/job.19801658/boed-g.lin-19801658
[run.sh] Default results: experiments/MMDDYYYY/MMDDYYYY_<time>_<objective_parameters>/
[online-design] fixed update=0 validation_utility=4.500392
[online-design] fixed update=100 validation_utility=4.499232
[online-design] fixed update=200 validation_utility=4.512482
[online-design] fixed update=300 validation_utility=4.511746
[online-design] fixed update=400 validation_utility=4.449914
[online-design] fixed update=500 validation_utility=4.422140
[online-design] fixed update=600 validation_utility=4.429191
[online-design] fixed update=700 validation_utility=4.473485
[online-design] fixed update=800 validation_utility=4.509705
[online-design] fixed update=900 validation_utility=4.514334
[online-design] fixed update=1000 validation_utility=4.535186
[online-design] fixed update=1100 validation_utility=4.562937
[online-design] fixed update=1200 validation_utility=4.578676
[online-design] fixed update=1300 validation_utility=4.564119
[online-design] fixed update=1400 validation_utility=4.578024
[online-design] fixed update=1500 validation_utility=4.603218
[online-design] fixed update=1600 validation_utility=4.623441
[online-design] fixed update=1700 validation_utility=4.636724
[online-design] fixed update=1800 validation_utility=4.645984
[online-design] fixed update=1900 validation_utility=4.644166
[online-design] fixed update=2000 validation_utility=4.645308
[online-design] dad update=0 validation_utility=4.645984
[online-design] dad update=100 validation_utility=4.831593
[online-design] dad update=200 validation_utility=4.836535
[online-design] dad update=300 validation_utility=4.851106
[online-design] dad update=400 validation_utility=4.851283
[online-design] dad update=500 validation_utility=4.829688
[online-design] dad update=600 validation_utility=4.839383
[online-design] dad update=700 validation_utility=4.859680
[online-design] dad update=800 validation_utility=4.805568
[online-design] dad update=900 validation_utility=4.791486
[online-design] dad update=1000 validation_utility=4.813540
[online-design] dad update=1100 validation_utility=4.801549
[online-design] dad update=1200 validation_utility=4.824421
[online-design] dad update=1300 validation_utility=4.827560
[online-design] dad update=1400 validation_utility=4.829881
[online-design] dad update=1500 validation_utility=4.859610
[online-design] dad update=1600 validation_utility=4.859700
[online-design] dad update=1700 validation_utility=4.852665
[online-design] dad update=1800 validation_utility=4.859506
[online-design] dad update=1900 validation_utility=4.856011
[online-design] dad update=2000 validation_utility=4.819032
[online-design] rl_sboed update=0 validation_utility=0.188965
[online-design] rl_sboed update=100 validation_utility=4.857637
[online-design] rl_sboed update=200 validation_utility=4.859660
[online-design] rl_sboed update=300 validation_utility=4.811616
[online-design] rl_sboed update=400 validation_utility=4.813736
[online-design] rl_sboed update=500 validation_utility=4.805660
[online-design] rl_sboed update=600 validation_utility=4.848608
[online-design] rl_sboed update=700 validation_utility=4.839386
[online-design] rl_sboed update=800 validation_utility=4.858127
[online-design] rl_sboed update=900 validation_utility=4.850972
[online-design] rl_sboed update=1000 validation_utility=4.781976
[online-design] rl_sboed update=1100 validation_utility=4.851293
[online-design] rl_sboed update=1200 validation_utility=4.800054
[online-design] rl_sboed update=1300 validation_utility=4.790675
[online-design] rl_sboed update=1400 validation_utility=4.783215
[online-design] rl_sboed update=1500 validation_utility=4.825198
[online-design] rl_sboed update=1600 validation_utility=4.779157
[online-design] rl_sboed update=1700 validation_utility=4.807760
[online-design] rl_sboed update=1800 validation_utility=4.775702
[online-design] rl_sboed update=1900 validation_utility=4.782931
[online-design] rl_sboed update=2000 validation_utility=4.780299
[online-design] evaluated dad: 171.1s
[online-design] evaluated rl_sboed: 170.5s
[online-design] evaluated step_dad: 23180.8s
[online-design] evaluated fixed: 176.4s
[online-design] evaluated dad: 175.9s
[online-design] evaluated rl_sboed: 174.4s
[online-design] evaluated step_dad: 23241.5s
[online-design] evaluated fixed: 173.4s
[online-design] evaluated dad: 171.9s
[online-design] evaluated rl_sboed: 171.1s
[online-design] evaluated step_dad: 23192.1s
[online-design] evaluated fixed: 172.9s
CONTINUOUS_EIG_COMPLETE /scratch/user/g.lin/Documents/objective_power_grid/experiments/09212026/09212026_ieee14_eig_conference_step4/T5/train202
