[cache] verified writable caches under /tmp/job.19801657/boed-g.lin-19801657
[run.sh] Default results: experiments/MMDDYYYY/MMDDYYYY_<time>_<objective_parameters>/
[online-design] fixed update=0 validation_utility=4.320352
[online-design] fixed update=100 validation_utility=4.337024
[online-design] fixed update=200 validation_utility=4.366601
[online-design] fixed update=300 validation_utility=4.413867
[online-design] fixed update=400 validation_utility=4.420190
[online-design] fixed update=500 validation_utility=4.429563
[online-design] fixed update=600 validation_utility=4.428192
[online-design] fixed update=700 validation_utility=4.426541
[online-design] fixed update=800 validation_utility=4.431542
[online-design] fixed update=900 validation_utility=4.439059
[online-design] fixed update=1000 validation_utility=4.458361
[online-design] fixed update=1100 validation_utility=4.472529
[online-design] fixed update=1200 validation_utility=4.505754
[online-design] fixed update=1300 validation_utility=4.546147
[online-design] fixed update=1400 validation_utility=4.547733
[online-design] fixed update=1500 validation_utility=4.554621
[online-design] fixed update=1600 validation_utility=4.573820
[online-design] fixed update=1700 validation_utility=4.582524
[online-design] fixed update=1800 validation_utility=4.600009
[online-design] fixed update=1900 validation_utility=4.624936
[online-design] fixed update=2000 validation_utility=4.652171
[online-design] dad update=0 validation_utility=4.652171
[online-design] dad update=100 validation_utility=4.809321
[online-design] dad update=200 validation_utility=4.825241
[online-design] dad update=300 validation_utility=4.829313
[online-design] dad update=400 validation_utility=4.837155
[online-design] dad update=500 validation_utility=4.822991
[online-design] dad update=600 validation_utility=4.848486
[online-design] dad update=700 validation_utility=4.858111
[online-design] dad update=800 validation_utility=4.855416
[online-design] dad update=900 validation_utility=4.853666
[online-design] dad update=1000 validation_utility=4.838907
[online-design] dad update=1100 validation_utility=4.834794
[online-design] dad update=1200 validation_utility=4.835687
[online-design] dad update=1300 validation_utility=4.846015
[online-design] dad update=1400 validation_utility=4.823065
[online-design] dad update=1500 validation_utility=4.806188
[online-design] dad update=1600 validation_utility=4.832136
[online-design] dad update=1700 validation_utility=4.823832
[online-design] dad update=1800 validation_utility=4.826554
[online-design] dad update=1900 validation_utility=4.831193
[online-design] dad update=2000 validation_utility=4.827018
[online-design] rl_sboed update=0 validation_utility=0.188016
[online-design] rl_sboed update=100 validation_utility=4.833933
[online-design] rl_sboed update=200 validation_utility=4.855389
[online-design] rl_sboed update=300 validation_utility=4.830274
[online-design] rl_sboed update=400 validation_utility=4.840136
[online-design] rl_sboed update=500 validation_utility=4.838981
[online-design] rl_sboed update=600 validation_utility=4.850528
[online-design] rl_sboed update=700 validation_utility=4.848263
[online-design] rl_sboed update=800 validation_utility=4.846790
[online-design] rl_sboed update=900 validation_utility=4.850752
[online-design] rl_sboed update=1000 validation_utility=4.843986
[online-design] rl_sboed update=1100 validation_utility=4.849357
[online-design] rl_sboed update=1200 validation_utility=4.819091
[online-design] rl_sboed update=1300 validation_utility=4.853040
[online-design] rl_sboed update=1400 validation_utility=4.848815
[online-design] rl_sboed update=1500 validation_utility=4.848822
[online-design] rl_sboed update=1600 validation_utility=4.847247
[online-design] rl_sboed update=1700 validation_utility=4.837562
[online-design] rl_sboed update=1800 validation_utility=4.839817
[online-design] rl_sboed update=1900 validation_utility=4.856067
[online-design] rl_sboed update=2000 validation_utility=4.838228
[online-design] evaluated dad: 171.8s
[online-design] evaluated rl_sboed: 177.0s
[online-design] evaluated step_dad: 23258.7s
[online-design] evaluated myopic: 8846.4s
[online-design] evaluated fixed: 175.4s
[online-design] evaluated random: 184.2s
[online-design] evaluated dad: 172.5s
[online-design] evaluated rl_sboed: 178.5s
[online-design] evaluated step_dad: 23263.3s
[online-design] evaluated myopic: 8839.8s
[online-design] evaluated fixed: 173.3s
[online-design] evaluated random: 184.0s
[online-design] evaluated dad: 171.2s
[online-design] evaluated rl_sboed: 178.2s
[online-design] evaluated step_dad: 23275.2s
[online-design] evaluated myopic: 8901.0s
[online-design] evaluated fixed: 182.5s
[online-design] evaluated random: 186.3s
CONTINUOUS_EIG_COMPLETE /scratch/user/g.lin/Documents/objective_power_grid/experiments/09212026/09212026_ieee14_eig_conference_step4/T5/train101
