[cache] verified writable caches under /tmp/job.19801659/boed-g.lin-19801659
[run.sh] Default results: experiments/MMDDYYYY/MMDDYYYY_<time>_<objective_parameters>/
[online-design] fixed update=0 validation_utility=4.348264
[online-design] fixed update=100 validation_utility=4.351436
[online-design] fixed update=200 validation_utility=4.359658
[online-design] fixed update=300 validation_utility=4.397289
[online-design] fixed update=400 validation_utility=4.407613
[online-design] fixed update=500 validation_utility=4.412633
[online-design] fixed update=600 validation_utility=4.440198
[online-design] fixed update=700 validation_utility=4.478133
[online-design] fixed update=800 validation_utility=4.476950
[online-design] fixed update=900 validation_utility=4.475077
[online-design] fixed update=1000 validation_utility=4.477236
[online-design] fixed update=1100 validation_utility=4.492303
[online-design] fixed update=1200 validation_utility=4.526800
[online-design] fixed update=1300 validation_utility=4.543376
[online-design] fixed update=1400 validation_utility=4.584753
[online-design] fixed update=1500 validation_utility=4.621148
[online-design] fixed update=1600 validation_utility=4.674478
[online-design] fixed update=1700 validation_utility=4.701701
[online-design] fixed update=1800 validation_utility=4.715168
[online-design] fixed update=1900 validation_utility=4.727839
[online-design] fixed update=2000 validation_utility=4.737602
[online-design] dad update=0 validation_utility=4.737602
[online-design] dad update=100 validation_utility=4.849136
[online-design] dad update=200 validation_utility=4.854926
[online-design] dad update=300 validation_utility=4.853244
[online-design] dad update=400 validation_utility=4.858965
[online-design] dad update=500 validation_utility=4.848225
[online-design] dad update=600 validation_utility=4.858703
[online-design] dad update=700 validation_utility=4.844107
[online-design] dad update=800 validation_utility=4.855357
[online-design] dad update=900 validation_utility=4.859162
[online-design] dad update=1000 validation_utility=4.856621
[online-design] dad update=1100 validation_utility=4.843325
[online-design] dad update=1200 validation_utility=4.859373
[online-design] dad update=1300 validation_utility=4.849708
[online-design] dad update=1400 validation_utility=4.846032
[online-design] dad update=1500 validation_utility=4.827598
[online-design] dad update=1600 validation_utility=4.848077
[online-design] dad update=1700 validation_utility=4.813885
[online-design] dad update=1800 validation_utility=4.837123
[online-design] dad update=1900 validation_utility=4.838362
[online-design] dad update=2000 validation_utility=4.824407
[online-design] rl_sboed update=0 validation_utility=0.267187
[online-design] rl_sboed update=100 validation_utility=4.857442
[online-design] rl_sboed update=200 validation_utility=4.854859
[online-design] rl_sboed update=300 validation_utility=4.853209
[online-design] rl_sboed update=400 validation_utility=4.855209
[online-design] rl_sboed update=500 validation_utility=4.855450
[online-design] rl_sboed update=600 validation_utility=4.846805
[online-design] rl_sboed update=700 validation_utility=4.832281
[online-design] rl_sboed update=800 validation_utility=4.854428
[online-design] rl_sboed update=900 validation_utility=4.844261
[online-design] rl_sboed update=1000 validation_utility=4.842740
[online-design] rl_sboed update=1100 validation_utility=4.850535
[online-design] rl_sboed update=1200 validation_utility=4.835217
[online-design] rl_sboed update=1300 validation_utility=4.852613
[online-design] rl_sboed update=1400 validation_utility=4.809957
[online-design] rl_sboed update=1500 validation_utility=4.826858
[online-design] rl_sboed update=1600 validation_utility=4.822481
[online-design] rl_sboed update=1700 validation_utility=4.840360
[online-design] rl_sboed update=1800 validation_utility=4.846725
[online-design] rl_sboed update=1900 validation_utility=4.827814
[online-design] rl_sboed update=2000 validation_utility=4.819363
[online-design] evaluated dad: 171.4s
[online-design] evaluated rl_sboed: 171.1s
[online-design] evaluated step_dad: 22676.9s
[online-design] evaluated fixed: 179.7s
[online-design] evaluated dad: 178.6s
[online-design] evaluated rl_sboed: 177.0s
[online-design] evaluated step_dad: 22720.2s
[online-design] evaluated fixed: 175.9s
[online-design] evaluated dad: 171.7s
[online-design] evaluated rl_sboed: 172.9s
[online-design] evaluated step_dad: 22697.8s
[online-design] evaluated fixed: 173.3s
CONTINUOUS_EIG_COMPLETE /scratch/user/g.lin/Documents/objective_power_grid/experiments/09212026/09212026_ieee14_eig_conference_step4/T5/train303
