[cache] verified writable caches under /tmp/job.19926361/boed-g.lin-19926361
[online-design] evaluated random: 0.6s
[online-design] evaluated fixed: 0.1s
[online-design] evaluated dad: 0.1s
[online-design] evaluated rl_sboed: 0.1s
[online-design] evaluated myopic: 4.5s
[online-design] evaluated step_dad: 26.7s
[online-design] evaluated random: 3.0s
[online-design] evaluated fixed: 3.0s
[online-design] evaluated dad: 3.2s
[online-design] evaluated rl_sboed: 3.0s
[online-design] evaluated myopic: 144.4s
[online-design] evaluated step_dad: 107.2s
[
  {
    "network": "ieee9",
    "T": 3,
    "method": "random",
    "phase": "online",
    "seed": 101,
    "seconds": 0.00017201434820890427,
    "sd_seconds": 2.1755172599533327e-05,
    "systems": 32,
    "hardware": {
      "execution_site": "hprc",
      "cluster": "grace",
      "computer_name": "g002",
      "cpu_model": "Intel(R) Xeon(R) Gold 6248R CPU @ 3.00GHz",
      "gpu_model": "NVIDIA A100-PCIE-40GB"
    },
    "source_manifest": "/scratch/user/g.lin/tpec_a100_timing_20261001/results_final_step4/T3/manifest.json"
  },
  {
    "network": "ieee9",
    "T": 3,
    "method": "fixed",
    "phase": "online",
    "seed": 101,
    "seconds": 0.0010316214757040143,
    "sd_seconds": 0.00014303068392333755,
    "systems": 32,
    "hardware": {
      "execution_site": "hprc",
      "cluster": "grace",
      "computer_name": "g002",
      "cpu_model": "Intel(R) Xeon(R) Gold 6248R CPU @ 3.00GHz",
      "gpu_model": "NVIDIA A100-PCIE-40GB"
    },
    "source_manifest": "/scratch/user/g.lin/tpec_a100_timing_20261001/results_final_step4/T3/manifest.json"
  },
  {
    "network": "ieee9",
    "T": 3,
    "method": "dad",
    "phase": "online",
    "seed": 101,
    "seconds": 0.0011823209351859987,
    "sd_seconds": 0.00016539286394257725,
    "systems": 32,
    "hardware": {
      "execution_site": "hprc",
      "cluster": "grace",
      "computer_name": "g002",
      "cpu_model": "Intel(R) Xeon(R) Gold 6248R CPU @ 3.00GHz",
      "gpu_model": "NVIDIA A100-PCIE-40GB"
    },
    "source_manifest": "/scratch/user/g.lin/tpec_a100_timing_20261001/results_final_step4/T3/manifest.json"
  },
  {
    "network": "ieee9",
    "T": 3,
    "method": "rl_sboed",
    "phase": "online",
    "seed": 101,
    "seconds": 0.001177873054984957,
    "sd_seconds": 0.00013548014243936786,
    "systems": 32,
    "hardware": {
      "execution_site": "hprc",
      "cluster": "grace",
      "computer_name": "g002",
      "cpu_model": "Intel(R) Xeon(R) Gold 6248R CPU @ 3.00GHz",
      "gpu_model": "NVIDIA A100-PCIE-40GB"
    },
    "source_manifest": "/scratch/user/g.lin/tpec_a100_timing_20261001/results_final_step4/T3/manifest.json"
  },
  {
    "network": "ieee9",
    "T": 3,
    "method": "myopic",
    "phase": "online",
    "seed": 101,
    "seconds": 4.413793468207587,
    "sd_seconds": 0.07935903423021068,
    "systems": 32,
    "hardware": {
      "execution_site": "hprc",
      "cluster": "grace",
      "computer_name": "g002",
      "cpu_model": "Intel(R) Xeon(R) Gold 6248R CPU @ 3.00GHz",
      "gpu_model": "NVIDIA A100-PCIE-40GB"
    },
    "source_manifest": "/scratch/user/g.lin/tpec_a100_timing_20261001/results_final_step4/T3/manifest.json"
  },
  {
    "network": "ieee9",
    "T": 3,
    "method": "step_dad",
    "phase": "online",
    "seed": 101,
    "seconds": 3.233268604904879,
    "sd_seconds": 0.6080566803451584,
    "systems": 32,
    "hardware": {
      "execution_site": "hprc",
      "cluster": "grace",
      "computer_name": "g002",
      "cpu_model": "Intel(R) Xeon(R) Gold 6248R CPU @ 3.00GHz",
      "gpu_model": "NVIDIA A100-PCIE-40GB"
    },
    "source_manifest": "/scratch/user/g.lin/tpec_a100_timing_20261001/results_final_step4/T3/manifest.json"
  }
]
[online-design] evaluated random: 0.3s
[online-design] evaluated fixed: 0.2s
[online-design] evaluated dad: 0.1s
[online-design] evaluated rl_sboed: 0.2s
[online-design] evaluated myopic: 6.0s
[online-design] evaluated step_dad: 27.8s
[online-design] evaluated random: 4.0s
[online-design] evaluated fixed: 3.8s
[online-design] evaluated dad: 3.8s
[online-design] evaluated rl_sboed: 3.8s
[online-design] evaluated myopic: 194.8s
[online-design] evaluated step_dad: 258.5s
[
  {
    "network": "ieee9",
    "T": 4,
    "method": "random",
    "phase": "online",
    "seed": 101,
    "seconds": 0.0002628177753649652,
    "sd_seconds": 2.475273173842796e-05,
    "systems": 32,
    "hardware": {
      "execution_site": "hprc",
      "cluster": "grace",
      "computer_name": "g002",
      "cpu_model": "Intel(R) Xeon(R) Gold 6248R CPU @ 3.00GHz",
      "gpu_model": "NVIDIA A100-PCIE-40GB"
    },
    "source_manifest": "/scratch/user/g.lin/tpec_a100_timing_20261001/results_final_step4/T4/manifest.json"
  },
  {
    "network": "ieee9",
    "T": 4,
    "method": "fixed",
    "phase": "online",
    "seed": 101,
    "seconds": 0.0014894803171046078,
    "sd_seconds": 0.00015181398607138477,
    "systems": 32,
    "hardware": {
      "execution_site": "hprc",
      "cluster": "grace",
      "computer_name": "g002",
      "cpu_model": "Intel(R) Xeon(R) Gold 6248R CPU @ 3.00GHz",
      "gpu_model": "NVIDIA A100-PCIE-40GB"
    },
    "source_manifest": "/scratch/user/g.lin/tpec_a100_timing_20261001/results_final_step4/T4/manifest.json"
  },
  {
    "network": "ieee9",
    "T": 4,
    "method": "dad",
    "phase": "online",
    "seed": 101,
    "seconds": 0.0017160872230306268,
    "sd_seconds": 9.223932928569627e-05,
    "systems": 32,
    "hardware": {
      "execution_site": "hprc",
      "cluster": "grace",
      "computer_name": "g002",
      "cpu_model": "Intel(R) Xeon(R) Gold 6248R CPU @ 3.00GHz",
      "gpu_model": "NVIDIA A100-PCIE-40GB"
    },
    "source_manifest": "/scratch/user/g.lin/tpec_a100_timing_20261001/results_final_step4/T4/manifest.json"
  },
  {
    "network": "ieee9",
    "T": 4,
    "method": "rl_sboed",
    "phase": "online",
    "seed": 101,
    "seconds": 0.0018227648106403649,
    "sd_seconds": 0.00011329264959988813,
    "systems": 32,
    "hardware": {
      "execution_site": "hprc",
      "cluster": "grace",
      "computer_name": "g002",
      "cpu_model": "Intel(R) Xeon(R) Gold 6248R CPU @ 3.00GHz",
      "gpu_model": "NVIDIA A100-PCIE-40GB"
    },
    "source_manifest": "/scratch/user/g.lin/tpec_a100_timing_20261001/results_final_step4/T4/manifest.json"
  },
  {
    "network": "ieee9",
    "T": 4,
    "method": "myopic",
    "phase": "online",
    "seed": 101,
    "seconds": 5.954690183396451,
    "sd_seconds": 0.13194878341121963,
    "systems": 32,
    "hardware": {
      "execution_site": "hprc",
      "cluster": "grace",
      "computer_name": "g002",
      "cpu_model": "Intel(R) Xeon(R) Gold 6248R CPU @ 3.00GHz",
      "gpu_model": "NVIDIA A100-PCIE-40GB"
    },
    "source_manifest": "/scratch/user/g.lin/tpec_a100_timing_20261001/results_final_step4/T4/manifest.json"
  },
  {
    "network": "ieee9",
    "T": 4,
    "method": "step_dad",
    "phase": "online",
    "seed": 101,
    "seconds": 7.952436937659513,
    "sd_seconds": 0.9964487636353102,
    "systems": 32,
    "hardware": {
      "execution_site": "hprc",
      "cluster": "grace",
      "computer_name": "g002",
      "cpu_model": "Intel(R) Xeon(R) Gold 6248R CPU @ 3.00GHz",
      "gpu_model": "NVIDIA A100-PCIE-40GB"
    },
    "source_manifest": "/scratch/user/g.lin/tpec_a100_timing_20261001/results_final_step4/T4/manifest.json"
  }
]
[online-design] evaluated random: 0.3s
[online-design] evaluated fixed: 0.3s
[online-design] evaluated dad: 0.1s
[online-design] evaluated rl_sboed: 0.3s
[online-design] evaluated myopic: 7.7s
[online-design] evaluated step_dad: 62.3s
[online-design] evaluated random: 5.1s
[online-design] evaluated fixed: 4.7s
[online-design] evaluated dad: 4.7s
[online-design] evaluated rl_sboed: 4.8s
[online-design] evaluated myopic: 247.2s
[online-design] evaluated step_dad: 470.5s
[
  {
    "network": "ieee9",
    "T": 5,
    "method": "random",
    "phase": "online",
    "seed": 101,
    "seconds": 0.0003247989807277918,
    "sd_seconds": 3.482410594855837e-05,
    "systems": 32,
    "hardware": {
      "execution_site": "hprc",
      "cluster": "grace",
      "computer_name": "g002",
      "cpu_model": "Intel(R) Xeon(R) Gold 6248R CPU @ 3.00GHz",
      "gpu_model": "NVIDIA A100-PCIE-40GB"
    },
    "source_manifest": "/scratch/user/g.lin/tpec_a100_timing_20261001/results_final_step4/T5/manifest.json"
  },
  {
    "network": "ieee9",
    "T": 5,
    "method": "fixed",
    "phase": "online",
    "seed": 101,
    "seconds": 0.0015501351444981992,
    "sd_seconds": 0.0001721248647679093,
    "systems": 32,
    "hardware": {
      "execution_site": "hprc",
      "cluster": "grace",
      "computer_name": "g002",
      "cpu_model": "Intel(R) Xeon(R) Gold 6248R CPU @ 3.00GHz",
      "gpu_model": "NVIDIA A100-PCIE-40GB"
    },
    "source_manifest": "/scratch/user/g.lin/tpec_a100_timing_20261001/results_final_step4/T5/manifest.json"
  },
  {
    "network": "ieee9",
    "T": 5,
    "method": "dad",
    "phase": "online",
    "seed": 101,
    "seconds": 0.0020618014968931675,
    "sd_seconds": 0.00016636610701494916,
    "systems": 32,
    "hardware": {
      "execution_site": "hprc",
      "cluster": "grace",
      "computer_name": "g002",
      "cpu_model": "Intel(R) Xeon(R) Gold 6248R CPU @ 3.00GHz",
      "gpu_model": "NVIDIA A100-PCIE-40GB"
    },
    "source_manifest": "/scratch/user/g.lin/tpec_a100_timing_20261001/results_final_step4/T5/manifest.json"
  },
  {
    "network": "ieee9",
    "T": 5,
    "method": "rl_sboed",
    "phase": "online",
    "seed": 101,
    "seconds": 0.0022413902333937585,
    "sd_seconds": 0.00025466196084042393,
    "systems": 32,
    "hardware": {
      "execution_site": "hprc",
      "cluster": "grace",
      "computer_name": "g002",
      "cpu_model": "Intel(R) Xeon(R) Gold 6248R CPU @ 3.00GHz",
      "gpu_model": "NVIDIA A100-PCIE-40GB"
    },
    "source_manifest": "/scratch/user/g.lin/tpec_a100_timing_20261001/results_final_step4/T5/manifest.json"
  },
  {
    "network": "ieee9",
    "T": 5,
    "method": "myopic",
    "phase": "online",
    "seed": 101,
    "seconds": 7.559852412960026,
    "sd_seconds": 0.15638078492891588,
    "systems": 32,
    "hardware": {
      "execution_site": "hprc",
      "cluster": "grace",
      "computer_name": "g002",
      "cpu_model": "Intel(R) Xeon(R) Gold 6248R CPU @ 3.00GHz",
      "gpu_model": "NVIDIA A100-PCIE-40GB"
    },
    "source_manifest": "/scratch/user/g.lin/tpec_a100_timing_20261001/results_final_step4/T5/manifest.json"
  },
  {
    "network": "ieee9",
    "T": 5,
    "method": "step_dad",
    "phase": "online",
    "seed": 101,
    "seconds": 14.553349124733359,
    "sd_seconds": 1.7107864855417279,
    "systems": 32,
    "hardware": {
      "execution_site": "hprc",
      "cluster": "grace",
      "computer_name": "g002",
      "cpu_model": "Intel(R) Xeon(R) Gold 6248R CPU @ 3.00GHz",
      "gpu_model": "NVIDIA A100-PCIE-40GB"
    },
    "source_manifest": "/scratch/user/g.lin/tpec_a100_timing_20261001/results_final_step4/T5/manifest.json"
  }
]
