Log file: /home/grads/g/g.lin/Documents/objective_power_grid/experiments/09032026_121824_sir_ode_EIG_T3_Nobs1_sigma1/logs/run_log.log
=== run.sh (config=configs/sir_ode.yaml type=eig_based T=3 N_obs=1 noise_sigma=1 seed=101 methods=config) ===
Result folder: /home/grads/g/g.lin/Documents/objective_power_grid/experiments/09032026_121824_sir_ode_EIG_T3_Nobs1_sigma1
Evaluate: dad rl_sboed step_dad myopic fixed random
Train: dad rl_sboed
=== data_generation (config=configs/sir_ode.yaml type=eig_based T=3 N_obs=1 noise_sigma=1 seed=101 methods=config) ===
[full-bank] no data.reuse_bank_dir; nothing to ensure
[generate-data] type=eig_based config=/home/grads/g/g.lin/Documents/objective_power_grid/configs/sir_ode.yaml exp_dir=/home/grads/g/g.lin/Documents/objective_power_grid/experiments/09032026_121824_sir_ode_EIG_T3_Nobs1_sigma1 smoke=False force=False methods=['dad', 'rl_sboed', 'step_dad', 'myopic', 'fixed', 'random']
[generate-data] SIR ODE dataset_dir=/home/grads/g/g.lin/Documents/objective_power_grid/data/sir_ode
[generate-data] reused=True path=/home/grads/g/g.lin/Documents/objective_power_grid/data/sir_ode train=10000 test=3000 actions=100
EXP_DIR=/home/grads/g/g.lin/Documents/objective_power_grid/experiments/09032026_121824_sir_ode_EIG_T3_Nobs1_sigma1
=== training method=dad (config=configs/sir_ode.yaml type=eig_based T=3 N_obs=1 noise_sigma=1 seed=101) ===
[prior] SIR using mc_samples=1024/7500 fit particles (seed=1)
[eig:dad_eig] BC warm-start trajectories=128 horizon=3 n_actions=100 lookahead=two_step temp=0.5 actor_critic=False obs_seed=101
[eig:dad_eig] BC 1/128
[eig:dad_eig] BC 16/128
[eig:dad_eig] BC 32/128
[eig:dad_eig] BC 48/128
[eig:dad_eig] BC 64/128
[eig:dad_eig] BC 80/128
[eig:dad_eig] BC 96/128
[eig:dad_eig] BC 112/128
[eig:dad_eig] BC 128/128
[train] dad_eig val_eig=6.8551817774637 uniq=28 stage=epoch_198 1221s → /home/grads/g/g.lin/Documents/objective_power_grid/experiments/09032026_121824_sir_ode_EIG_T3_Nobs1_sigma1/model/dad_eig.pth
EXP_DIR=/home/grads/g/g.lin/Documents/objective_power_grid/experiments/09032026_121824_sir_ode_EIG_T3_Nobs1_sigma1
=== training method=rl_sboed (config=configs/sir_ode.yaml type=eig_based T=3 N_obs=1 noise_sigma=1 seed=101) ===
[prior] SIR using mc_samples=1024/7500 fit particles (seed=1)
[eig:rl_sboed_eig] BC warm-start trajectories=128 horizon=3 n_actions=100 lookahead=two_step temp=0.5 actor_critic=True obs_seed=101
[eig:rl_sboed_eig] BC 1/128
[eig:rl_sboed_eig] BC 16/128
[eig:rl_sboed_eig] BC 32/128
[eig:rl_sboed_eig] BC 48/128
[eig:rl_sboed_eig] BC 64/128
[eig:rl_sboed_eig] BC 80/128
[eig:rl_sboed_eig] BC 96/128
[eig:rl_sboed_eig] BC 112/128
[eig:rl_sboed_eig] BC 128/128
[train] rl_sboed_eig val_eig=6.876719322659259 uniq=23 stage=epoch_161 1030s → /home/grads/g/g.lin/Documents/objective_power_grid/experiments/09032026_121824_sir_ode_EIG_T3_Nobs1_sigma1/model/rl_sboed_eig.pth
EXP_DIR=/home/grads/g/g.lin/Documents/objective_power_grid/experiments/09032026_121824_sir_ode_EIG_T3_Nobs1_sigma1
=== crossed evaluation train_seed=101 eval_seed=1001 ===
=== evaluation (config=configs/sir_ode.yaml type=eig_based T=3 N_obs=1 noise_sigma=1 seed=101 methods=config) ===
[prior] SIR using mc_samples=1024/7500 fit particles (seed=1)
[evaluate] type=eig_based methods=['dad', 'rl_sboed', 'step_dad', 'myopic', 'fixed', 'random'] eval_seed=1001 N_obs=1 exp_dir=/home/grads/g/g.lin/Documents/objective_power_grid/experiments/09032026_121824_sir_ode_EIG_T3_Nobs1_sigma1
[evaluate] dad_eig eig=6.8532 uniq=28 eval_seed=1001
[evaluate] rl_sboed_eig eig=6.8497 uniq=26 eval_seed=1001
[evaluate] step_dad eig=6.8525 uniq=114 eval_seed=1001
[evaluate] myopic_delta_h eig=6.7314 uniq=462 eval_seed=1001
[evaluate] fixed_open_loop eig=6.2952 uniq=1 eval_seed=1001
[evaluate] random eig=3.7619 uniq=12508 eval_seed=1001
EXP_DIR=/home/grads/g/g.lin/Documents/objective_power_grid/experiments/09032026_121824_sir_ode_EIG_T3_Nobs1_sigma1
=== crossed evaluation train_seed=101 eval_seed=1002 ===
=== evaluation (config=configs/sir_ode.yaml type=eig_based T=3 N_obs=1 noise_sigma=1 seed=101 methods=config) ===
[prior] SIR using mc_samples=1024/7500 fit particles (seed=1)
[evaluate] type=eig_based methods=['dad', 'rl_sboed', 'step_dad', 'myopic', 'fixed', 'random'] eval_seed=1002 N_obs=1 exp_dir=/home/grads/g/g.lin/Documents/objective_power_grid/experiments/09032026_121824_sir_ode_EIG_T3_Nobs1_sigma1
[evaluate] dad_eig eig=6.8533 uniq=30 eval_seed=1002
[evaluate] rl_sboed_eig eig=6.8581 uniq=23 eval_seed=1002
[evaluate] step_dad eig=6.8514 uniq=114 eval_seed=1002
[evaluate] myopic_delta_h eig=6.7077 uniq=476 eval_seed=1002
[evaluate] fixed_open_loop eig=6.2685 uniq=1 eval_seed=1002
[evaluate] random eig=3.7870 uniq=12581 eval_seed=1002
EXP_DIR=/home/grads/g/g.lin/Documents/objective_power_grid/experiments/09032026_121824_sir_ode_EIG_T3_Nobs1_sigma1
=== crossed evaluation train_seed=101 eval_seed=1003 ===
=== evaluation (config=configs/sir_ode.yaml type=eig_based T=3 N_obs=1 noise_sigma=1 seed=101 methods=config) ===
[prior] SIR using mc_samples=1024/7500 fit particles (seed=1)
[evaluate] type=eig_based methods=['dad', 'rl_sboed', 'step_dad', 'myopic', 'fixed', 'random'] eval_seed=1003 N_obs=1 exp_dir=/home/grads/g/g.lin/Documents/objective_power_grid/experiments/09032026_121824_sir_ode_EIG_T3_Nobs1_sigma1
[evaluate] dad_eig eig=6.8534 uniq=32 eval_seed=1003
[evaluate] rl_sboed_eig eig=6.8524 uniq=25 eval_seed=1003
[evaluate] step_dad eig=6.8549 uniq=108 eval_seed=1003
[evaluate] myopic_delta_h eig=6.7112 uniq=471 eval_seed=1003
[evaluate] fixed_open_loop eig=6.2848 uniq=1 eval_seed=1003
[evaluate] random eig=3.7656 uniq=12530 eval_seed=1003
EXP_DIR=/home/grads/g/g.lin/Documents/objective_power_grid/experiments/09032026_121824_sir_ode_EIG_T3_Nobs1_sigma1
=== crossed evaluation train_seed=101 eval_seed=1004 ===
=== evaluation (config=configs/sir_ode.yaml type=eig_based T=3 N_obs=1 noise_sigma=1 seed=101 methods=config) ===
[prior] SIR using mc_samples=1024/7500 fit particles (seed=1)
[evaluate] type=eig_based methods=['dad', 'rl_sboed', 'step_dad', 'myopic', 'fixed', 'random'] eval_seed=1004 N_obs=1 exp_dir=/home/grads/g/g.lin/Documents/objective_power_grid/experiments/09032026_121824_sir_ode_EIG_T3_Nobs1_sigma1
[evaluate] dad_eig eig=6.8368 uniq=31 eval_seed=1004
[evaluate] rl_sboed_eig eig=6.8514 uniq=25 eval_seed=1004
[evaluate] step_dad eig=6.8417 uniq=106 eval_seed=1004
[evaluate] myopic_delta_h eig=6.7058 uniq=468 eval_seed=1004
[evaluate] fixed_open_loop eig=6.2756 uniq=1 eval_seed=1004
[evaluate] random eig=3.8026 uniq=12511 eval_seed=1004
EXP_DIR=/home/grads/g/g.lin/Documents/objective_power_grid/experiments/09032026_121824_sir_ode_EIG_T3_Nobs1_sigma1
=== crossed evaluation train_seed=101 eval_seed=1005 ===
=== evaluation (config=configs/sir_ode.yaml type=eig_based T=3 N_obs=1 noise_sigma=1 seed=101 methods=config) ===
[prior] SIR using mc_samples=1024/7500 fit particles (seed=1)
[evaluate] type=eig_based methods=['dad', 'rl_sboed', 'step_dad', 'myopic', 'fixed', 'random'] eval_seed=1005 N_obs=1 exp_dir=/home/grads/g/g.lin/Documents/objective_power_grid/experiments/09032026_121824_sir_ode_EIG_T3_Nobs1_sigma1
[evaluate] dad_eig eig=6.8496 uniq=29 eval_seed=1005
[evaluate] rl_sboed_eig eig=6.8500 uniq=24 eval_seed=1005
[evaluate] step_dad eig=6.8561 uniq=95 eval_seed=1005
[evaluate] myopic_delta_h eig=6.6980 uniq=476 eval_seed=1005
[evaluate] fixed_open_loop eig=6.2836 uniq=1 eval_seed=1005
[evaluate] random eig=3.7743 uniq=12572 eval_seed=1005
EXP_DIR=/home/grads/g/g.lin/Documents/objective_power_grid/experiments/09032026_121824_sir_ode_EIG_T3_Nobs1_sigma1

Done config=configs/sir_ode.yaml type=eig_based T=3.
EXP_DIR=/home/grads/g/g.lin/Documents/objective_power_grid/experiments/09032026_121824_sir_ode_EIG_T3_Nobs1_sigma1
LOG_FILE=/home/grads/g/g.lin/Documents/objective_power_grid/experiments/09032026_121824_sir_ode_EIG_T3_Nobs1_sigma1/logs/run_log.log
