Log file: /home/grads/g/g.lin/Documents/objective_power_grid/experiments/09032026_172447_sir_ode_EIG_T3_Nobs1_sigma1/logs/run_log.log
=== run.sh (config=configs/sir_ode.yaml type=eig_based T=3 N_obs=1 noise_sigma=1 seed=202 methods=config) ===
Result folder: /home/grads/g/g.lin/Documents/objective_power_grid/experiments/09032026_172447_sir_ode_EIG_T3_Nobs1_sigma1
Evaluate: dad rl_sboed step_dad myopic fixed random
Train: dad rl_sboed
=== data_generation (config=configs/sir_ode.yaml type=eig_based T=3 N_obs=1 noise_sigma=1 seed=202 methods=config) ===
[full-bank] no data.reuse_bank_dir; nothing to ensure
[generate-data] type=eig_based config=/home/grads/g/g.lin/Documents/objective_power_grid/configs/sir_ode.yaml exp_dir=/home/grads/g/g.lin/Documents/objective_power_grid/experiments/09032026_172447_sir_ode_EIG_T3_Nobs1_sigma1 smoke=False force=False methods=['dad', 'rl_sboed', 'step_dad', 'myopic', 'fixed', 'random']
[generate-data] SIR ODE dataset_dir=/home/grads/g/g.lin/Documents/objective_power_grid/data/sir_ode
[generate-data] reused=True path=/home/grads/g/g.lin/Documents/objective_power_grid/data/sir_ode train=10000 test=3000 actions=100
EXP_DIR=/home/grads/g/g.lin/Documents/objective_power_grid/experiments/09032026_172447_sir_ode_EIG_T3_Nobs1_sigma1
=== training method=dad (config=configs/sir_ode.yaml type=eig_based T=3 N_obs=1 noise_sigma=1 seed=202) ===
[prior] SIR using mc_samples=1024/7500 fit particles (seed=1)
[eig:dad_eig] BC warm-start trajectories=128 horizon=3 n_actions=100 lookahead=two_step temp=0.5 actor_critic=False obs_seed=202
[eig:dad_eig] BC 1/128
[eig:dad_eig] BC 16/128
[eig:dad_eig] BC 32/128
[eig:dad_eig] BC 48/128
[eig:dad_eig] BC 64/128
[eig:dad_eig] BC 80/128
[eig:dad_eig] BC 96/128
[eig:dad_eig] BC 112/128
[eig:dad_eig] BC 128/128
[train] dad_eig val_eig=6.860804378545922 uniq=22 stage=epoch_174 1200s → /home/grads/g/g.lin/Documents/objective_power_grid/experiments/09032026_172447_sir_ode_EIG_T3_Nobs1_sigma1/model/dad_eig.pth
EXP_DIR=/home/grads/g/g.lin/Documents/objective_power_grid/experiments/09032026_172447_sir_ode_EIG_T3_Nobs1_sigma1
=== training method=rl_sboed (config=configs/sir_ode.yaml type=eig_based T=3 N_obs=1 noise_sigma=1 seed=202) ===
[prior] SIR using mc_samples=1024/7500 fit particles (seed=1)
[eig:rl_sboed_eig] BC warm-start trajectories=128 horizon=3 n_actions=100 lookahead=two_step temp=0.5 actor_critic=True obs_seed=202
[eig:rl_sboed_eig] BC 1/128
[eig:rl_sboed_eig] BC 16/128
[eig:rl_sboed_eig] BC 32/128
[eig:rl_sboed_eig] BC 48/128
[eig:rl_sboed_eig] BC 64/128
[eig:rl_sboed_eig] BC 80/128
[eig:rl_sboed_eig] BC 96/128
[eig:rl_sboed_eig] BC 112/128
[eig:rl_sboed_eig] BC 128/128
[train] rl_sboed_eig val_eig=6.866978968774745 uniq=26 stage=epoch_183 1040s → /home/grads/g/g.lin/Documents/objective_power_grid/experiments/09032026_172447_sir_ode_EIG_T3_Nobs1_sigma1/model/rl_sboed_eig.pth
EXP_DIR=/home/grads/g/g.lin/Documents/objective_power_grid/experiments/09032026_172447_sir_ode_EIG_T3_Nobs1_sigma1
=== crossed evaluation train_seed=202 eval_seed=1001 ===
=== evaluation (config=configs/sir_ode.yaml type=eig_based T=3 N_obs=1 noise_sigma=1 seed=202 methods=config) ===
[prior] SIR using mc_samples=1024/7500 fit particles (seed=1)
[evaluate] type=eig_based methods=['dad', 'rl_sboed', 'step_dad', 'myopic', 'fixed', 'random'] eval_seed=1001 N_obs=1 exp_dir=/home/grads/g/g.lin/Documents/objective_power_grid/experiments/09032026_172447_sir_ode_EIG_T3_Nobs1_sigma1
[evaluate] dad_eig eig=6.8334 uniq=22 eval_seed=1001
[evaluate] rl_sboed_eig eig=6.8468 uniq=29 eval_seed=1001
[evaluate] step_dad eig=6.8310 uniq=81 eval_seed=1001
[evaluate] myopic_delta_h eig=6.7314 uniq=462 eval_seed=1001
[evaluate] fixed_open_loop eig=6.2952 uniq=1 eval_seed=1001
[evaluate] random eig=3.7619 uniq=12508 eval_seed=1001
EXP_DIR=/home/grads/g/g.lin/Documents/objective_power_grid/experiments/09032026_172447_sir_ode_EIG_T3_Nobs1_sigma1
=== crossed evaluation train_seed=202 eval_seed=1002 ===
=== evaluation (config=configs/sir_ode.yaml type=eig_based T=3 N_obs=1 noise_sigma=1 seed=202 methods=config) ===
[prior] SIR using mc_samples=1024/7500 fit particles (seed=1)
[evaluate] type=eig_based methods=['dad', 'rl_sboed', 'step_dad', 'myopic', 'fixed', 'random'] eval_seed=1002 N_obs=1 exp_dir=/home/grads/g/g.lin/Documents/objective_power_grid/experiments/09032026_172447_sir_ode_EIG_T3_Nobs1_sigma1
[evaluate] dad_eig eig=6.8330 uniq=24 eval_seed=1002
[evaluate] rl_sboed_eig eig=6.8489 uniq=29 eval_seed=1002
[evaluate] step_dad eig=6.8358 uniq=103 eval_seed=1002
[evaluate] myopic_delta_h eig=6.7077 uniq=476 eval_seed=1002
[evaluate] fixed_open_loop eig=6.2685 uniq=1 eval_seed=1002
[evaluate] random eig=3.7870 uniq=12581 eval_seed=1002
EXP_DIR=/home/grads/g/g.lin/Documents/objective_power_grid/experiments/09032026_172447_sir_ode_EIG_T3_Nobs1_sigma1
=== crossed evaluation train_seed=202 eval_seed=1003 ===
=== evaluation (config=configs/sir_ode.yaml type=eig_based T=3 N_obs=1 noise_sigma=1 seed=202 methods=config) ===
[prior] SIR using mc_samples=1024/7500 fit particles (seed=1)
[evaluate] type=eig_based methods=['dad', 'rl_sboed', 'step_dad', 'myopic', 'fixed', 'random'] eval_seed=1003 N_obs=1 exp_dir=/home/grads/g/g.lin/Documents/objective_power_grid/experiments/09032026_172447_sir_ode_EIG_T3_Nobs1_sigma1
[evaluate] dad_eig eig=6.8248 uniq=22 eval_seed=1003
[evaluate] rl_sboed_eig eig=6.8468 uniq=31 eval_seed=1003
[evaluate] step_dad eig=6.8264 uniq=87 eval_seed=1003
[evaluate] myopic_delta_h eig=6.7112 uniq=471 eval_seed=1003
[evaluate] fixed_open_loop eig=6.2848 uniq=1 eval_seed=1003
[evaluate] random eig=3.7656 uniq=12530 eval_seed=1003
EXP_DIR=/home/grads/g/g.lin/Documents/objective_power_grid/experiments/09032026_172447_sir_ode_EIG_T3_Nobs1_sigma1
=== crossed evaluation train_seed=202 eval_seed=1004 ===
=== evaluation (config=configs/sir_ode.yaml type=eig_based T=3 N_obs=1 noise_sigma=1 seed=202 methods=config) ===
[prior] SIR using mc_samples=1024/7500 fit particles (seed=1)
[evaluate] type=eig_based methods=['dad', 'rl_sboed', 'step_dad', 'myopic', 'fixed', 'random'] eval_seed=1004 N_obs=1 exp_dir=/home/grads/g/g.lin/Documents/objective_power_grid/experiments/09032026_172447_sir_ode_EIG_T3_Nobs1_sigma1
[evaluate] dad_eig eig=6.8289 uniq=22 eval_seed=1004
[evaluate] rl_sboed_eig eig=6.8456 uniq=30 eval_seed=1004
[evaluate] step_dad eig=6.8320 uniq=96 eval_seed=1004
[evaluate] myopic_delta_h eig=6.7058 uniq=468 eval_seed=1004
[evaluate] fixed_open_loop eig=6.2756 uniq=1 eval_seed=1004
[evaluate] random eig=3.8026 uniq=12511 eval_seed=1004
EXP_DIR=/home/grads/g/g.lin/Documents/objective_power_grid/experiments/09032026_172447_sir_ode_EIG_T3_Nobs1_sigma1
=== crossed evaluation train_seed=202 eval_seed=1005 ===
=== evaluation (config=configs/sir_ode.yaml type=eig_based T=3 N_obs=1 noise_sigma=1 seed=202 methods=config) ===
[prior] SIR using mc_samples=1024/7500 fit particles (seed=1)
[evaluate] type=eig_based methods=['dad', 'rl_sboed', 'step_dad', 'myopic', 'fixed', 'random'] eval_seed=1005 N_obs=1 exp_dir=/home/grads/g/g.lin/Documents/objective_power_grid/experiments/09032026_172447_sir_ode_EIG_T3_Nobs1_sigma1
[evaluate] dad_eig eig=6.8432 uniq=21 eval_seed=1005
[evaluate] rl_sboed_eig eig=6.8589 uniq=31 eval_seed=1005
[evaluate] step_dad eig=6.8406 uniq=92 eval_seed=1005
[evaluate] myopic_delta_h eig=6.6980 uniq=476 eval_seed=1005
[evaluate] fixed_open_loop eig=6.2836 uniq=1 eval_seed=1005
[evaluate] random eig=3.7743 uniq=12572 eval_seed=1005
EXP_DIR=/home/grads/g/g.lin/Documents/objective_power_grid/experiments/09032026_172447_sir_ode_EIG_T3_Nobs1_sigma1

Done config=configs/sir_ode.yaml type=eig_based T=3.
EXP_DIR=/home/grads/g/g.lin/Documents/objective_power_grid/experiments/09032026_172447_sir_ode_EIG_T3_Nobs1_sigma1
LOG_FILE=/home/grads/g/g.lin/Documents/objective_power_grid/experiments/09032026_172447_sir_ode_EIG_T3_Nobs1_sigma1/logs/run_log.log
